[V-C19 legal_team_member] PASS Before you start: an unarchived Contract with the acting role as Legal Owner, the other staff role and a Business User on the Contract team
[V-C19 legal_team_member] PASS Maintain Tasks step 1-3: Add task; the Assignee picker offers active team people and the Legal Owner, not Business Users; Add someone to the team… then Use this person, then Cancel
[V-C19 legal_team_member] PASS Maintain Tasks step 2-3: Add task with Title, Description, a staged team addition as Assignee, Due date, and an initial note with a file under Comments & attachments; check the new row
[V-C19 legal_team_member] PASS Partial save: the Task saves but its initial note fails; Retry note & attachments posts the note without creating another Task
[V-C19 legal_team_member] PASS Maintain Tasks step 4: complete a Task with its checkbox, find it with Show completed, reopen it, and check the done count in the section header
[V-C19 legal_team_member] PASS Maintain Tasks step 5: open details from the title and from Edit task, Save an edit, Remove task on an empty Task; a Task with conversation history cannot be removed, also after its comment is deleted
[V-C19 legal_team_member] PASS Change who is responsible from the row's assignee: Add someone to the team… shows the access notice and Add to team and assign; later changing to Unassigned keeps the team membership
[V-C19 legal_team_member] PASS Task details conversation: no audience choice, readable to everyone who can open the Task, separate from the record conversation
[V-C19 legal_team_member] PASS Task order: Tasks keep the order in which they were added; a new Task goes to the end; completing, editing, or reassigning does not move it; no reordering control, and dragging a row does not change the order
[V-C19 legal_team_member] PASS Maintain Key dates steps 1-5: Add date with Date, Event, Note; Global reminders and This date will remind; Additional lead time 0 to 730, at most 20, Remove; Recipients checkboxes include active Business Users on the team; select one; Add date; check the row and Key date source
[V-C19 legal_team_member] PASS Maintain Key dates step 6 and list order: Edit date then Cancel leaves the date unchanged; Edit date then Save changes it; Remove date removes another; Derived rows have no actions; upcoming nearest first, past most recent first
[V-C19 legal_team_member] PASS Missing recipients: a selected recipient leaves the team; the Edit date dialog says so and offers Remove unavailable recipients while another selected person remains; Use the usual audience clears the selection
[V-C19 legal_team_member] PASS Personal lead times: the Reminder lead times card under Settings -> Notifications replaces the organization default for this person; This date will remind does not show the personal list
[V-C19 legal_team_member] PASS Next deadline in the Contracts list picks the earliest unfinished Task due date, including an overdue Task, before Key dates and term dates
[V-C19 legal_team_member] PASS Check reminders and your work: Home shows assigned open Tasks and approaching Contract dates in their sections, and their links open the correct Task or Contract
[V-C19 legal_team_member] PASS If an action is unavailable: an archived Contract is read-only for Tasks and Key dates; restore allows changes again
[V-C19 legal_team_member] PASS If an action is unavailable: a Business User on the Contract team cannot open the Tasks or Key dates sections
[V-C19 administrator] PASS Before you start: an unarchived Contract with the acting role as Legal Owner, the other staff role and a Business User on the Contract team
[V-C19 administrator] PASS Maintain Tasks step 1-3: Add task; the Assignee picker offers active team people and the Legal Owner, not Business Users; Add someone to the team… then Use this person, then Cancel
[V-C19 administrator] PASS Maintain Tasks step 2-3: Add task with Title, Description, a staged team addition as Assignee, Due date, and an initial note with a file under Comments & attachments; check the new row
[V-C19 administrator] PASS Partial save: the Task saves but its initial note fails; Retry note & attachments posts the note without creating another Task
[V-C19 administrator] PASS Maintain Tasks step 4: complete a Task with its checkbox, find it with Show completed, reopen it, and check the done count in the section header
[V-C19 administrator] PASS Maintain Tasks step 5: open details from the title and from Edit task, Save an edit, Remove task on an empty Task; a Task with conversation history cannot be removed, also after its comment is deleted
[V-C19 administrator] PASS Change who is responsible from the row's assignee: Add someone to the team… shows the access notice and Add to team and assign; later changing to Unassigned keeps the team membership
[V-C19 administrator] PASS Task details conversation: no audience choice, readable to everyone who can open the Task, separate from the record conversation
[V-C19 administrator] PASS Task order: Tasks keep the order in which they were added; a new Task goes to the end; completing, editing, or reassigning does not move it; no reordering control, and dragging a row does not change the order
[V-C19 administrator] PASS Maintain Key dates steps 1-5: Add date with Date, Event, Note; Global reminders and This date will remind; Additional lead time 0 to 730, at most 20, Remove; Recipients checkboxes include active Business Users on the team; select one; Add date; check the row and Key date source
[V-C19 administrator] PASS Maintain Key dates step 6 and list order: Edit date then Cancel leaves the date unchanged; Edit date then Save changes it; Remove date removes another; Derived rows have no actions; upcoming nearest first, past most recent first
[V-C19 administrator] PASS Missing recipients: a selected recipient leaves the team; the Edit date dialog says so and offers Remove unavailable recipients while another selected person remains; Use the usual audience clears the selection
[V-C19 administrator] PASS Personal lead times: the Reminder lead times card under Settings -> Notifications replaces the organization default for this person; This date will remind does not show the personal list
[V-C19 administrator] PASS Next deadline in the Contracts list picks the earliest unfinished Task due date, including an overdue Task, before Key dates and term dates
[V-C19 administrator] PASS Check reminders and your work: Home shows assigned open Tasks and approaching Contract dates in their sections, and their links open the correct Task or Contract
[V-C19 administrator] PASS If an action is unavailable: an archived Contract is read-only for Tasks and Key dates; restore allows changes again
[V-C19 administrator] PASS If an action is unavailable: a Business User on the Contract team cannot open the Tasks or Key dates sections
{"total":34,"pass":34,"fail":0}
