[matter-status-and-archive/administrator] PASS Fixture: a Matter with an open child, a restricted Confidential child, a linked Contract, an open Task and a future Key date, with a Business User on the team
[matter-status-and-archive/administrator] PASS Change Status within the current Category: read the pill and Status strip, then move within open groups
[matter-status-and-archive/administrator] PASS Close or reopen: Closed group, close dialog with Closing note, open child Matters, Cancel then Close matter
[matter-status-and-archive/administrator] PASS Close or reopen: a closed Matter stays editable, and Filter > Show closed finds it
[matter-status-and-archive/administrator] PASS Close or reopen: choose an open Status from a closed Matter, Cancel, then Reopen matter
[matter-status-and-archive/administrator] PASS Archive or restore: Matter actions > Archive, Cancel, then Archive; archived controls and refusals
[matter-status-and-archive/administrator] PASS Archive or restore: find it with Show archived and Show closed, Restore Cancel, then Restore
[matter-status-and-archive/administrator] PASS Before you start (negative): a Business User reads the Status in the Portal but cannot change, close, reopen, archive or restore
[matter-status-and-archive/legal_team_member] PASS Fixture: a Matter with an open child, a restricted Confidential child, a linked Contract, an open Task and a future Key date, with a Business User on the team
[matter-status-and-archive/legal_team_member] PASS Change Status within the current Category: read the pill and Status strip, then move within open groups
[matter-status-and-archive/legal_team_member] PASS Close or reopen: Closed group, close dialog with Closing note, open child Matters, Cancel then Close matter
node:internal/process/promises:394
    triggerUncaughtException(err, true /* fromPromise */);
    ^

page.waitForResponse: Timeout 15000ms exceeded while waiting for event "response"
    at patchAfter (/home/blairwentworth/.cache/openlaw-worktrees/doc030/docs/documentation/batches/DOC-030/compat/matter-status-and-archive-replay/lib.mjs:136:21)
    at /home/blairwentworth/.cache/openlaw-worktrees/doc030/docs/documentation/batches/DOC-030/compat/matter-status-and-archive-replay/status-archive.mjs:241:23
    at async step (/home/blairwentworth/.cache/openlaw-worktrees/doc030/docs/documentation/batches/DOC-030/compat/matter-status-and-archive-replay.mjs:77:22)
    at async Object.statusArchive (/home/blairwentworth/.cache/openlaw-worktrees/doc030/docs/documentation/batches/DOC-030/compat/matter-status-and-archive-replay/status-archive.mjs:234:3)
    at async file:///home/blairwentworth/.cache/openlaw-worktrees/doc030/docs/documentation/batches/DOC-030/compat/matter-status-and-archive-replay.mjs:117:7 {
  log: [],
  name: 'TimeoutError'
}

Node.js v24.21.0
